10:43:18 **** Build of configuration Debug for project UART_BRAM_Interfacing_wrapper_project ****
make all 
make --no-print-directory pre-build
a9-linaro-pre-build-step
 
make --no-print-directory main-build
Building file: ../src/memory_config_g.c
Invoking: ARM v7 gcc compiler
arm-none-eabi-gcc -Wall -O0 -g3 -c -fmessage-length=0 -MT"src/memory_config_g.o" -mcpu=cortex-a9 -mfpu=vfpv3 -mfloat-abi=hard -I/home/therk/emb_sys_vivado/bram_assignment/UART_BRAM_Interfacing_wrapper_3/export/UART_BRAM_Interfacing_wrapper_3/sw/UART_BRAM_Interfacing_wrapper_3/standalone_ps7_cortexa9_0/bspinclude/include -MMD -MP -MF"src/memory_config_g.d" -MT"src/memory_config_g.o" -o "src/memory_config_g.o" "../src/memory_config_g.c"
Finished building: ../src/memory_config_g.c
 
Building file: ../src/memorytest.c
Invoking: ARM v7 gcc compiler
arm-none-eabi-gcc -Wall -O0 -g3 -c -fmessage-length=0 -MT"src/memorytest.o" -mcpu=cortex-a9 -mfpu=vfpv3 -mfloat-abi=hard -I/home/therk/emb_sys_vivado/bram_assignment/UART_BRAM_Interfacing_wrapper_3/export/UART_BRAM_Interfacing_wrapper_3/sw/UART_BRAM_Interfacing_wrapper_3/standalone_ps7_cortexa9_0/bspinclude/include -MMD -MP -MF"src/memorytest.d" -MT"src/memorytest.o" -o "src/memorytest.o" "../src/memorytest.c"
Finished building: ../src/memorytest.c
 
Building file: ../src/platform.c
Invoking: ARM v7 gcc compiler
arm-none-eabi-gcc -Wall -O0 -g3 -c -fmessage-length=0 -MT"src/platform.o" -mcpu=cortex-a9 -mfpu=vfpv3 -mfloat-abi=hard -I/home/therk/emb_sys_vivado/bram_assignment/UART_BRAM_Interfacing_wrapper_3/export/UART_BRAM_Interfacing_wrapper_3/sw/UART_BRAM_Interfacing_wrapper_3/standalone_ps7_cortexa9_0/bspinclude/include -MMD -MP -MF"src/platform.d" -MT"src/platform.o" -o "src/platform.o" "../src/platform.c"
Finished building: ../src/platform.c
 
Building target: UART_BRAM_Interfacing_wrapper_project.elf
Invoking: ARM v7 gcc linker
arm-none-eabi-gcc -mcpu=cortex-a9 -mfpu=vfpv3 -mfloat-abi=hard -Wl,-build-id=none -specs=Xilinx.spec -Wl,-T -Wl,../src/lscript.ld -L/home/therk/emb_sys_vivado/bram_assignment/UART_BRAM_Interfacing_wrapper_3/export/UART_BRAM_Interfacing_wrapper_3/sw/UART_BRAM_Interfacing_wrapper_3/standalone_ps7_cortexa9_0/bsplib/lib -o "UART_BRAM_Interfacing_wrapper_project.elf"  ./src/memory_config_g.o ./src/memorytest.o ./src/platform.o   -Wl,--start-group,-lxil,-lgcc,-lc,--end-group
Finished building target: UART_BRAM_Interfacing_wrapper_project.elf
 
Invoking: ARM v7 Print Size
arm-none-eabi-size UART_BRAM_Interfacing_wrapper_project.elf  |tee "UART_BRAM_Interfacing_wrapper_project.elf.size"
   text	   data	    bss	    dec	    hex	filename
  28136	   1184	  14392	  43712	   aac0	UART_BRAM_Interfacing_wrapper_project.elf
Finished building: UART_BRAM_Interfacing_wrapper_project.elf.size
 

10:43:18 Build Finished (took 368ms)

