11:45:13 **** Incremental Build of configuration Debug for project UART_BRAM_Interfacing ****
make all 
make --no-print-directory pre-build
a9-linaro-pre-build-step
 
make --no-print-directory main-build
Building file: ../src/UART_BRAM_Interfacing.c
Invoking: ARM v7 gcc compiler
arm-none-eabi-gcc -Wall -O0 -g3 -c -fmessage-length=0 -MT"src/UART_BRAM_Interfacing.o" -mcpu=cortex-a9 -mfpu=vfpv3 -mfloat-abi=hard -I/home/therk/emb_sys_vivado/bram_assignment/UART_BRAM_Interfacing_wrapper_1/export/UART_BRAM_Interfacing_wrapper_1/sw/UART_BRAM_Interfacing_wrapper_1/standalone_ps7_cortexa9_0/bspinclude/include -MMD -MP -MF"src/UART_BRAM_Interfacing.d" -MT"src/UART_BRAM_Interfacing.o" -o "src/UART_BRAM_Interfacing.o" "../src/UART_BRAM_Interfacing.c"
Finished building: ../src/UART_BRAM_Interfacing.c
 
Building target: UART_BRAM_Interfacing.elf
Invoking: ARM v7 gcc linker
arm-none-eabi-gcc -mcpu=cortex-a9 -mfpu=vfpv3 -mfloat-abi=hard -Wl,-build-id=none -specs=Xilinx.spec -Wl,-T -Wl,../src/lscript.ld -L/home/therk/emb_sys_vivado/bram_assignment/UART_BRAM_Interfacing_wrapper_1/export/UART_BRAM_Interfacing_wrapper_1/sw/UART_BRAM_Interfacing_wrapper_1/standalone_ps7_cortexa9_0/bsplib/lib -o "UART_BRAM_Interfacing.elf"  ./src/UART_BRAM_Interfacing.o ./src/platform.o   -Wl,--start-group,-lxil,-lgcc,-lc,--end-group
Finished building target: UART_BRAM_Interfacing.elf
 
Invoking: ARM v7 Print Size
arm-none-eabi-size UART_BRAM_Interfacing.elf  |tee "UART_BRAM_Interfacing.elf.size"
   text	   data	    bss	    dec	    hex	filename
  22868	   1216	  22664	  46748	   b69c	UART_BRAM_Interfacing.elf
Finished building: UART_BRAM_Interfacing.elf.size
 

11:45:14 Build Finished (took 268ms)

